Archive member included to satisfy reference by file (symbol)

D:/Skyworks/DTS/DTSX_VX_INT/SM4G_DTSVX_RT_CH_SWAP/libdrv\libdrv_HIFI0.a(bufmgr.o)
                              D:/Skyworks/DTS/DTSX_VX_INT/SM4G_DTSVX_RT_CH_SWAP/SM4G_HIFI5Core0/bin/HiFi_220715_v3p_HiFi0/Debug/source/kernel/target/hifi5/targetinit.o (drv_bufmgr_init)
D:/Skyworks/DTS/DTSX_VX_INT/SM4G_DTSVX_RT_CH_SWAP/libdrv\libdrv_HIFI0.a(clkrst.o)
                              D:/Skyworks/DTS/DTSX_VX_INT/SM4G_DTSVX_RT_CH_SWAP/SM4G_HIFI5Core0/bin/HiFi_220715_v3p_HiFi0/Debug/source/kernel/target/hifi5/targetinit.o (drv_hpdiv_config)
D:/Skyworks/DTS/DTSX_VX_INT/SM4G_DTSVX_RT_CH_SWAP/libdrv\libdrv_HIFI0.a(i2srx.o)
                              D:/Skyworks/DTS/DTSX_VX_INT/SM4G_DTSVX_RT_CH_SWAP/SM4G_HIFI5Core0/bin/HiFi_220715_v3p_HiFi0/Debug/source/kernel/target/hifi5/targetinit.o (drv_i2srx_Open)
D:/Skyworks/DTS/DTSX_VX_INT/SM4G_DTSVX_RT_CH_SWAP/libdrv\libdrv_HIFI0.a(i2stx.o)
                              D:/Skyworks/DTS/DTSX_VX_INT/SM4G_DTSVX_RT_CH_SWAP/SM4G_HIFI5Core0/bin/HiFi_220715_v3p_HiFi0/Debug/source/kernel/target/hifi5/targetinit.o (drv_i2stx_Open)
D:/Skyworks/DTS/DTSX_VX_INT/SM4G_DTSVX_RT_CH_SWAP/libdrv\libdrv_HIFI0.a(int.o)
                              D:/Skyworks/DTS/DTSX_VX_INT/SM4G_DTSVX_RT_CH_SWAP/SM4G_HIFI5Core0/bin/HiFi_220715_v3p_HiFi0/Debug/source/kernel/target/hifi5/targetinit.o (drv_irq_init)
D:/Skyworks/DTS/DTSX_VX_INT/SM4G_DTSVX_RT_CH_SWAP/libdrv\libdrv_HIFI0.a(mutex.o)
                              D:/Skyworks/DTS/DTSX_VX_INT/SM4G_DTSVX_RT_CH_SWAP/SM4G_HIFI5Core0/bin/HiFi_220715_v3p_HiFi0/Debug/source/kernel/target/hifi5/targetinit.o (drv_mutex_MsgRepInit)
D:/Skyworks/DTS/DTSX_VX_INT/SM4G_DTSVX_RT_CH_SWAP/libdrv\libdrv_HIFI0.a(padcfg.o)
                              D:/Skyworks/DTS/DTSX_VX_INT/SM4G_DTSVX_RT_CH_SWAP/SM4G_HIFI5Core0/bin/HiFi_220715_v3p_HiFi0/Debug/source/kernel/target/hifi5/targetinit.o (drv_padcfg_config)
D:/Skyworks/DTS/DTSX_VX_INT/SM4G_DTSVX_RT_CH_SWAP/libdrv\libdrv_HIFI0.a(pinmux.o)
                              D:/Skyworks/DTS/DTSX_VX_INT/SM4G_DTSVX_RT_CH_SWAP/libdrv\libdrv_HIFI0.a(clkrst.o) (g_pPINMUXTable)
D:/Skyworks/DTS/DTSX_VX_INT/SM4G_DTSVX_RT_CH_SWAP/libdrv\libdrv_HIFI0.a(pll.o)
                              D:/Skyworks/DTS/DTSX_VX_INT/SM4G_DTSVX_RT_CH_SWAP/SM4G_HIFI5Core0/bin/HiFi_220715_v3p_HiFi0/Debug/source/kernel/target/hifi5/targetinit.o (drv_pll_config)
D:/Skyworks/DTS/DTSX_VX_INT/SM4G_DTSVX_RT_CH_SWAP/libdrv\libdrv_HIFI0.a(frt.o)
                              D:/Skyworks/DTS/DTSX_VX_INT/SM4G_DTSVX_RT_CH_SWAP/libdrv\libdrv_HIFI0.a(int.o) (drv_frt_Start)
C:/usr/xtensa/XtDevTools/install/builds/RI-2022.10-win32/HiFi_220715_v3p/xtensa-elf/lib/\libc.a(memcmp.o)
                              D:/Skyworks/DTS/DTSX_VX_INT/SM4G_DTSVX_RT_CH_SWAP/SM4G_HIFI5Core0/bin/HiFi_220715_v3p_HiFi0/Debug/source/au_framework/src/isr_handler.o (memcmp)
C:/usr/xtensa/XtDevTools/install/builds/RI-2022.10-win32/HiFi_220715_v3p/xtensa-elf/lib/\libc.a(clibrary_init.o)
                              C:/usr/xtensa/XtDevTools/install/builds/RI-2022.10-win32/HiFi_220715_v3p/xtensa-elf/arch/lib/crt1-boards.o (__clibrary_init)
C:/usr/xtensa/XtDevTools/install/builds/RI-2022.10-win32/HiFi_220715_v3p/xtensa-elf/lib/\libc.a(xtensa_exit.o)
                              C:/usr/xtensa/XtDevTools/install/builds/RI-2022.10-win32/HiFi_220715_v3p/xtensa-elf/arch/lib/crt1-boards.o (exit)
C:/usr/xtensa/XtDevTools/install/builds/RI-2022.10-win32/HiFi_220715_v3p/xtensa-elf/lib/\libc.a(reent_bss.o)
                              C:/usr/xtensa/XtDevTools/install/builds/RI-2022.10-win32/HiFi_220715_v3p/xtensa-elf/arch/lib/crt1-boards.o (_init_reent_bss)
C:/usr/xtensa/XtDevTools/install/builds/RI-2022.10-win32/HiFi_220715_v3p/xtensa-elf/lib/\libc.a(memcpy.o)
                              D:/Skyworks/DTS/DTSX_VX_INT/SM4G_DTSVX_RT_CH_SWAP/SM4G_HIFI5Core0/bin/HiFi_220715_v3p_HiFi0/Debug/source/au_framework/src/isr_handler.o (memcpy)
C:/usr/xtensa/XtDevTools/install/builds/RI-2022.10-win32/HiFi_220715_v3p/xtensa-elf/lib/\libc.a(memset.o)
                              D:/Skyworks/DTS/DTSX_VX_INT/SM4G_DTSVX_RT_CH_SWAP/SM4G_HIFI5Core0/bin/HiFi_220715_v3p_HiFi0/Debug/source/au_framework/src/c0_audioprocess.o (memset)
C:/usr/xtensa/XtDevTools/install/builds/RI-2022.10-win32/HiFi_220715_v3p/xtensa-elf/lib/\libc.a(xexit.o)
                              C:/usr/xtensa/XtDevTools/install/builds/RI-2022.10-win32/HiFi_220715_v3p/xtensa-elf/lib/\libc.a(xtensa_exit.o) (_Exit)
C:/usr/xtensa/XtDevTools/install/builds/RI-2022.10-win32/HiFi_220715_v3p/xtensa-elf/lib/\libc.a(environ.o)
                              C:/usr/xtensa/XtDevTools/install/builds/RI-2022.10-win32/HiFi_220715_v3p/xtensa-elf/lib/\libc.a(clibrary_init.o) (environ)
C:/usr/xtensa/XtDevTools/install/builds/RI-2022.10-win32/HiFi_220715_v3p/xtensa-elf/lib/\libgdbio.a(miniboard.o)
[...]
Memory Configuration

Name                 Origin          Length          Used            Unused          Attributes
srom0_seg            0x50000000      0x000002e0      0x0000012c      0x000001b4      
srom1_seg            0x500002e0      0x00000030      0x00000008      0x00000028      
srom2_seg            0x50000310      0x00000180      0x000000b0      0x000000d0      
srom3_seg            0x50000490      0x00000b70      0x00000000      0x00000b70      
sram0_seg            0x60000000      0x00000178      0x0000016c      0x0000000c      
sram1_seg            0x60000178      0x00000004      0x00000000      0x00000004      
sram2_seg            0x6000017c      0x0000001c      0x00000008      0x00000014      
sram3_seg            0x60000198      0x00000008      0x00000000      0x00000008      
sram4_seg            0x600001a0      0x00000038      0x0000000c      0x0000002c      
sram5_seg            0x600001d8      0x00000004      0x00000000      0x00000004      
sram6_seg            0x600001dc      0x0000001c      0x00000008      0x00000014      
sram7_seg            0x600001f8      0x00000004      0x00000004      0x00000000      
sram8_seg            0x600001fc      0x0000001c      0x0000000c      0x00000010      
sram9_seg            0x60000218      0x00000004      0x00000000      0x00000004      
sram10_seg           0x6000021c      0x0000001c      0x00000008      0x00000014      
KERNEL_CODE_DATA_seg 0x60000238      0x00008400      0x00006328      0x000020d8      
FRAMEWORK_CODE_seg   0x60008638      0x0001f400      0x000026f8      0x0001cd08      
FRAMEWORK_DATA_seg   0x60027a38      0x00025800      0x0000cde0      0x00018a20      
INBITSTREAM_DATA_seg 0x6004d238      0x0000c000      0x00004008      0x00007ff8      
ICC_HOST_DATA_seg    0x80000000      0x0000a000      0x00001a78      0x00008588      
ICC_DSP_DATA_seg     0x8000a000      0x0000c800      0x00000238      0x0000c5c8      
ICC_OUTPCM_DATA_seg  0x80016800      0x00060000      0x0000c000      0x00054000      
ICC_METADATA_seg     0x80076800      0x0004f000      0x00000000      0x0004f000      
ICC_RESERVED_MEM_seg 0x800c5800      0x0000c800      0x00000000      0x0000c800      
FRAMEWORK_UC_seg     0x80343000      0x00008000      0x00000000      0x00008000      
*default*            0x00000000      0xffffffff      
